// Jest Snapshot v1, https://goo.gl/fbAQLP

exports[`<ButtonTextField /> renders correctly 1`] = `
Array [
  <div
    className="MuiFormControl-root MuiTextField-root"
  >
    <label
      className="MuiFormLabel-root MuiInputLabel-root MuiInputLabel-formControl MuiInputLabel-animated"
      data-shrink={false}
      htmlFor="testButtonTextField"
    >
      label
    </label>
    <div
      className="MuiInputBase-root MuiInput-root MuiInput-underline MuiInputBase-formControl MuiInput-formControl"
      onClick={[Function]}
    >
      <input
        aria-invalid={false}
        className="MuiInputBase-input MuiInput-input"
        disabled={false}
        id="testButtonTextField"
        onBlur={[Function]}
        onChange={[Function]}
        onFocus={[Function]}
        required={false}
        type="text"
        value=""
      />
    </div>
  </div>,
  <button
    className="MuiButtonBase-root MuiButton-root MuiButton-contained"
    disabled={false}
    onBlur={[Function]}
    onClick={[Function]}
    onFocus={[Function]}
    onKeyDown={[Function]}
    onKeyUp={[Function]}
    onMouseDown={[Function]}
    onMouseLeave={[Function]}
    onMouseUp={[Function]}
    onTouchEnd={[Function]}
    onTouchMove={[Function]}
    onTouchStart={[Function]}
    tabIndex={0}
    type="button"
  >
    <span
      className="MuiButton-label"
    >
      button label
    </span>
  </button>,
]
`;
